cargo :     Checking 
hbf v0.1.0 (S:\vs 
code\projects\hbf)
At line:1 char:1
+ cargo check > 
build_output.txt 2>&1
+ ~~~~~~~~~~~~~~~~~~~
~~~~~~~~~~~~~~~~
    + CategoryInfo   
           : NotSpe  
  cified: (    Che   
 cking hb...e\pro    
jects\hbf):Strin    
g) [], RemoteExc    
eption
    + FullyQualified 
   ErrorId : Native  
  CommandError
 
error[E0308]: 
mismatched types
   --> src\bfo_compil
er.rs:259:46
    |
259 |                
         self.free_po
ol.push((addr, 
size));
    |                
                     
         ^^^^ 
expected `usize`, 
found `&usize`
    |
help: consider 
dereferencing the 
borrow
    |
259 |                
         self.free_po
ol.push((*addr, 
size));
    |                
                     
         +

error[E0308]: 
mismatched types
   --> src\bfo_compil
er.rs:259:52
    |
259 |                
         self.free_po
ol.push((addr, 
size));
    |                
                     
               ^^^^ 
expected `usize`, 
found `&{integer}`
    |
help: consider 
dereferencing the 
borrow
    |
259 |                
         self.free_po
ol.push((addr, 
*size));
    |                
                     
               +

For more information 
about this error, 
try `rustc --explain 
E0308`.
error: could not 
compile `hbf` (lib) 
due to 2 previous 
errors
