cargo :    Compiling 
hbf v0.1.0 (S:\vs 
code\projects\hbf)
At line:1 char:1
+ cargo build 2> 
build_errors.txt
+ ~~~~~~~~~~~~~~~~~~~
~~~~~~~~~~~~
    + CategoryInfo   
           : NotSpe  
  cified: (   Comp   
 iling hb...e\pro    
jects\hbf):Strin    
g) [], RemoteExc    
eption
    + FullyQualified 
   ErrorId : Native  
  CommandError
 
error[E0599]: no 
variant or 
associated item 
named `RShift` found 
for enum `BFOToken` 
in the current scope
   --> src\bfo_lexer.
rs:211:35
    |
4   | pub enum 
BFOToken {
    | 
----------------- 
variant or 
associated item 
`RShift` not found 
for this enum
...
211 |             
"rshift" => 
BFOToken::RShift,
    |                
                   
^^^^^^
    |                
                   |
    |                
                   
variant or 
associated item not 
found in `BFOToken`
    |                
                   
help: there is a 
variant with a 
similar name: 
`LShift`

error[E0599]: no 
variant or 
associated item 
named `RShift` found 
for enum `BFOToken` 
in the current scope
   --> src\bfo_parser
.rs:124:23
    |
124 |             
BFOToken::RShift => {
    |                
       ^^^^^^
    |                
       |
    |                
       variant or 
associated item not 
found in `BFOToken`
    |                
       help: there 
is a variant with a 
similar name: 
`LShift`
    |
   ::: 
src\bfo_lexer.rs:4:1
    |
4   | pub enum 
BFOToken {
    | 
----------------- 
variant or 
associated item 
`RShift` not found 
for this enum

error[E0382]: borrow 
of moved value: 
`temps_to_free`
   --> src\bfo_compil
er.rs:233:25
    |
193 |                
     let mut 
temps_to_free = 
Vec::new();
    |                
         
----------------- 
move occurs because 
`temps_to_free` has 
type `Vec<(usize, 
usize)>`, which does 
not implement the 
`Copy` trait
...
230 |                
     for (addr, 
size) in 
temps_to_free {
    |                
                     
    ------------- 
`temps_to_free` 
moved due to this 
implicit call to 
`.into_iter()`
...
233 |                
     if !temps_to_fre
e.is_empty() {
    |                
         
^^^^^^^^^^^^^ value 
borrowed here after 
move
    |
note: `into_iter` 
takes ownership of 
the receiver `self`, 
which moves 
`temps_to_free`
   --> C:\Users\SAUGA
TA\.rustup\toolchains
\stable-x86_64-pc-win
dows-msvc\lib/rustlib
/src/rust\library\cor
e\src\iter\traits\col
lect.rs:345:18
    |
345 |     fn 
into_iter(self) -> 
Self::IntoIter;
    |                
  ^^^^
help: consider 
iterating over a 
slice of the 
`Vec<(usize, 
usize)>`'s content 
to avoid moving into 
the `for` loop
    |
230 |                
     for (addr, 
size) in 
&temps_to_free {
    |                
                     
    +

Some errors have 
detailed 
explanations: E0382, 
E0599.
For more information 
about an error, try 
`rustc --explain 
E0382`.
error: could not 
compile `hbf` (lib) 
due to 3 previous 
errors
